/Library/Frameworks/Python.framework/Versions/3.12/lib/python3.12/site-packages/sklearn/utils/_param_validation.py:14: UserWarning: A NumPy version >=1.23.5 and <2.5.0 is required for this version of SciPy (detected version 2.5.2)
  from scipy.sparse import csr_matrix, issparse
RUNU-ECO on brats: pop=6 iters=4 epochs=3 budget_scale=0.1 train=60 val=12
/Library/Frameworks/Python.framework/Versions/3.12/lib/python3.12/site-packages/sklearn/utils/_param_validation.py:14: UserWarning: A NumPy version >=1.23.5 and <2.5.0 is required for this version of SciPy (detected version 2.5.2)
  from scipy.sparse import csr_matrix, issparse
/Library/Frameworks/Python.framework/Versions/3.12/lib/python3.12/site-packages/sklearn/utils/_param_validation.py:14: UserWarning: A NumPy version >=1.23.5 and <2.5.0 is required for this version of SciPy (detected version 2.5.2)
  from scipy.sparse import csr_matrix, issparse
    eval {'hidden_neurons': 236, 'learning_rate': 0.0037671658692899498, 'steps_per_epoch': 163} -> IoU=0.3818 fitness=2.6190 (43s)
/Library/Frameworks/Python.framework/Versions/3.12/lib/python3.12/site-packages/sklearn/utils/_param_validation.py:14: UserWarning: A NumPy version >=1.23.5 and <2.5.0 is required for this version of SciPy (detected version 2.5.2)
  from scipy.sparse import csr_matrix, issparse
/Library/Frameworks/Python.framework/Versions/3.12/lib/python3.12/site-packages/sklearn/utils/_param_validation.py:14: UserWarning: A NumPy version >=1.23.5 and <2.5.0 is required for this version of SciPy (detected version 2.5.2)
  from scipy.sparse import csr_matrix, issparse
    eval {'hidden_neurons': 21, 'learning_rate': 0.0016401896152067506, 'steps_per_epoch': 227} -> IoU=0.3794 fitness=2.6358 (52s)
/Library/Frameworks/Python.framework/Versions/3.12/lib/python3.12/site-packages/sklearn/utils/_param_validation.py:14: UserWarning: A NumPy version >=1.23.5 and <2.5.0 is required for this version of SciPy (detected version 2.5.2)
  from scipy.sparse import csr_matrix, issparse
/Library/Frameworks/Python.framework/Versions/3.12/lib/python3.12/site-packages/sklearn/utils/_param_validation.py:14: UserWarning: A NumPy version >=1.23.5 and <2.5.0 is required for this version of SciPy (detected version 2.5.2)
  from scipy.sparse import csr_matrix, issparse
    eval {'hidden_neurons': 244, 'learning_rate': 0.003790099643919269, 'steps_per_epoch': 497} -> IoU=0.5662 fitness=1.7662 (91s)
/Library/Frameworks/Python.framework/Versions/3.12/lib/python3.12/site-packages/sklearn/utils/_param_validation.py:14: UserWarning: A NumPy version >=1.23.5 and <2.5.0 is required for this version of SciPy (detected version 2.5.2)
  from scipy.sparse import csr_matrix, issparse
/Library/Frameworks/Python.framework/Versions/3.12/lib/python3.12/site-packages/sklearn/utils/_param_validation.py:14: UserWarning: A NumPy version >=1.23.5 and <2.5.0 is required for this version of SciPy (detected version 2.5.2)
  from scipy.sparse import csr_matrix, issparse
    eval {'hidden_neurons': 66, 'learning_rate': 0.001591813775643241, 'steps_per_epoch': 104} -> IoU=0.0830 fitness=12.0433 (33s)
/Library/Frameworks/Python.framework/Versions/3.12/lib/python3.12/site-packages/sklearn/utils/_param_validation.py:14: UserWarning: A NumPy version >=1.23.5 and <2.5.0 is required for this version of SciPy (detected version 2.5.2)
  from scipy.sparse import csr_matrix, issparse
/Library/Frameworks/Python.framework/Versions/3.12/lib/python3.12/site-packages/sklearn/utils/_param_validation.py:14: UserWarning: A NumPy version >=1.23.5 and <2.5.0 is required for this version of SciPy (detected version 2.5.2)
  from scipy.sparse import csr_matrix, issparse
    eval {'hidden_neurons': 127, 'learning_rate': 0.00018182796387690772, 'steps_per_epoch': 416} -> IoU=0.2180 fitness=4.5863 (75s)
/Library/Frameworks/Python.framework/Versions/3.12/lib/python3.12/site-packages/sklearn/utils/_param_validation.py:14: UserWarning: A NumPy version >=1.23.5 and <2.5.0 is required for this version of SciPy (detected version 2.5.2)
  from scipy.sparse import csr_matrix, issparse
/Library/Frameworks/Python.framework/Versions/3.12/lib/python3.12/site-packages/sklearn/utils/_param_validation.py:14: UserWarning: A NumPy version >=1.23.5 and <2.5.0 is required for this version of SciPy (detected version 2.5.2)
  from scipy.sparse import csr_matrix, issparse
    eval {'hidden_neurons': 150, 'learning_rate': 0.0008806605920328542, 'steps_per_epoch': 497} -> IoU=0.3597 fitness=2.7798 (87s)
/Library/Frameworks/Python.framework/Versions/3.12/lib/python3.12/site-packages/sklearn/utils/_param_validation.py:14: UserWarning: A NumPy version >=1.23.5 and <2.5.0 is required for this version of SciPy (detected version 2.5.2)
  from scipy.sparse import csr_matrix, issparse
/Library/Frameworks/Python.framework/Versions/3.12/lib/python3.12/site-packages/sklearn/utils/_param_validation.py:14: UserWarning: A NumPy version >=1.23.5 and <2.5.0 is required for this version of SciPy (detected version 2.5.2)
  from scipy.sparse import csr_matrix, issparse
    eval {'hidden_neurons': 244, 'learning_rate': 0.0001, 'steps_per_epoch': 493} -> IoU=0.0325 fitness=30.7965 (938s)
/Library/Frameworks/Python.framework/Versions/3.12/lib/python3.12/site-packages/sklearn/utils/_param_validation.py:14: UserWarning: A NumPy version >=1.23.5 and <2.5.0 is required for this version of SciPy (detected version 2.5.2)
  from scipy.sparse import csr_matrix, issparse
/Library/Frameworks/Python.framework/Versions/3.12/lib/python3.12/site-packages/sklearn/utils/_param_validation.py:14: UserWarning: A NumPy version >=1.23.5 and <2.5.0 is required for this version of SciPy (detected version 2.5.2)
  from scipy.sparse import csr_matrix, issparse
    eval {'hidden_neurons': 236, 'learning_rate': 0.0037659866883396273, 'steps_per_epoch': 146} -> IoU=0.3627 fitness=2.7568 (42s)
/Library/Frameworks/Python.framework/Versions/3.12/lib/python3.12/site-packages/sklearn/utils/_param_validation.py:14: UserWarning: A NumPy version >=1.23.5 and <2.5.0 is required for this version of SciPy (detected version 2.5.2)
  from scipy.sparse import csr_matrix, issparse
/Library/Frameworks/Python.framework/Versions/3.12/lib/python3.12/site-packages/sklearn/utils/_param_validation.py:14: UserWarning: A NumPy version >=1.23.5 and <2.5.0 is required for this version of SciPy (detected version 2.5.2)
  from scipy.sparse import csr_matrix, issparse
    eval {'hidden_neurons': 16, 'learning_rate': 0.0016053746893875571, 'steps_per_epoch': 221} -> IoU=0.1264 fitness=7.9121 (51s)
/Library/Frameworks/Python.framework/Versions/3.12/lib/python3.12/site-packages/sklearn/utils/_param_validation.py:14: UserWarning: A NumPy version >=1.23.5 and <2.5.0 is required for this version of SciPy (detected version 2.5.2)
  from scipy.sparse import csr_matrix, issparse
/Library/Frameworks/Python.framework/Versions/3.12/lib/python3.12/site-packages/sklearn/utils/_param_validation.py:14: UserWarning: A NumPy version >=1.23.5 and <2.5.0 is required for this version of SciPy (detected version 2.5.2)
  from scipy.sparse import csr_matrix, issparse
    eval {'hidden_neurons': 151, 'learning_rate': 0.000896641964231496, 'steps_per_epoch': 497} -> IoU=0.2453 fitness=4.0772 (101s)
/Library/Frameworks/Python.framework/Versions/3.12/lib/python3.12/site-packages/sklearn/utils/_param_validation.py:14: UserWarning: A NumPy version >=1.23.5 and <2.5.0 is required for this version of SciPy (detected version 2.5.2)
  from scipy.sparse import csr_matrix, issparse
/Library/Frameworks/Python.framework/Versions/3.12/lib/python3.12/site-packages/sklearn/utils/_param_validation.py:14: UserWarning: A NumPy version >=1.23.5 and <2.5.0 is required for this version of SciPy (detected version 2.5.2)
  from scipy.sparse import csr_matrix, issparse
    eval {'hidden_neurons': 121, 'learning_rate': 0.00015315739489057015, 'steps_per_epoch': 411} -> IoU=0.3626 fitness=2.7575 (82s)
/Library/Frameworks/Python.framework/Versions/3.12/lib/python3.12/site-packages/sklearn/utils/_param_validation.py:14: UserWarning: A NumPy version >=1.23.5 and <2.5.0 is required for this version of SciPy (detected version 2.5.2)
  from scipy.sparse import csr_matrix, issparse
/Library/Frameworks/Python.framework/Versions/3.12/lib/python3.12/site-packages/sklearn/utils/_param_validation.py:14: UserWarning: A NumPy version >=1.23.5 and <2.5.0 is required for this version of SciPy (detected version 2.5.2)
  from scipy.sparse import csr_matrix, issparse
    eval {'hidden_neurons': 64, 'learning_rate': 0.001575730721525011, 'steps_per_epoch': 100} -> IoU=0.2781 fitness=3.5960 (35s)
[RUNU-ECO] iter 1/4 best=1.7662 mean=2.69238
/Library/Frameworks/Python.framework/Versions/3.12/lib/python3.12/site-packages/sklearn/utils/_param_validation.py:14: UserWarning: A NumPy version >=1.23.5 and <2.5.0 is required for this version of SciPy (detected version 2.5.2)
  from scipy.sparse import csr_matrix, issparse
/Library/Frameworks/Python.framework/Versions/3.12/lib/python3.12/site-packages/sklearn/utils/_param_validation.py:14: UserWarning: A NumPy version >=1.23.5 and <2.5.0 is required for this version of SciPy (detected version 2.5.2)
  from scipy.sparse import csr_matrix, issparse
    eval {'hidden_neurons': 255, 'learning_rate': 0.0030259972697328865, 'steps_per_epoch': 488} -> IoU=0.5611 fitness=1.7822 (90s)
/Library/Frameworks/Python.framework/Versions/3.12/lib/python3.12/site-packages/sklearn/utils/_param_validation.py:14: UserWarning: A NumPy version >=1.23.5 and <2.5.0 is required for this version of SciPy (detected version 2.5.2)
  from scipy.sparse import csr_matrix, issparse
/Library/Frameworks/Python.framework/Versions/3.12/lib/python3.12/site-packages/sklearn/utils/_param_validation.py:14: UserWarning: A NumPy version >=1.23.5 and <2.5.0 is required for this version of SciPy (detected version 2.5.2)
  from scipy.sparse import csr_matrix, issparse
    eval {'hidden_neurons': 154, 'learning_rate': 0.01, 'steps_per_epoch': 100} -> IoU=0.2914 fitness=3.4319 (34s)
/Library/Frameworks/Python.framework/Versions/3.12/lib/python3.12/site-packages/sklearn/utils/_param_validation.py:14: UserWarning: A NumPy version >=1.23.5 and <2.5.0 is required for this version of SciPy (detected version 2.5.2)
  from scipy.sparse import csr_matrix, issparse
/Library/Frameworks/Python.framework/Versions/3.12/lib/python3.12/site-packages/sklearn/utils/_param_validation.py:14: UserWarning: A NumPy version >=1.23.5 and <2.5.0 is required for this version of SciPy (detected version 2.5.2)
  from scipy.sparse import csr_matrix, issparse
    eval {'hidden_neurons': 8, 'learning_rate': 0.01, 'steps_per_epoch': 141} -> IoU=0.5212 fitness=1.9185 (41s)
/Library/Frameworks/Python.framework/Versions/3.12/lib/python3.12/site-packages/sklearn/utils/_param_validation.py:14: UserWarning: A NumPy version >=1.23.5 and <2.5.0 is required for this version of SciPy (detected version 2.5.2)
  from scipy.sparse import csr_matrix, issparse
/Library/Frameworks/Python.framework/Versions/3.12/lib/python3.12/site-packages/sklearn/utils/_param_validation.py:14: UserWarning: A NumPy version >=1.23.5 and <2.5.0 is required for this version of SciPy (detected version 2.5.2)
  from scipy.sparse import csr_matrix, issparse
    eval {'hidden_neurons': 76, 'learning_rate': 0.0029301751098095717, 'steps_per_epoch': 266} -> IoU=0.4532 fitness=2.2065 (58s)
/Library/Frameworks/Python.framework/Versions/3.12/lib/python3.12/site-packages/sklearn/utils/_param_validation.py:14: UserWarning: A NumPy version >=1.23.5 and <2.5.0 is required for this version of SciPy (detected version 2.5.2)
  from scipy.sparse import csr_matrix, issparse
/Library/Frameworks/Python.framework/Versions/3.12/lib/python3.12/site-packages/sklearn/utils/_param_validation.py:14: UserWarning: A NumPy version >=1.23.5 and <2.5.0 is required for this version of SciPy (detected version 2.5.2)
  from scipy.sparse import csr_matrix, issparse
    eval {'hidden_neurons': 95, 'learning_rate': 0.009652660953493764, 'steps_per_epoch': 325} -> IoU=0.6141 fitness=1.6285 (66s)
/Library/Frameworks/Python.framework/Versions/3.12/lib/python3.12/site-packages/sklearn/utils/_param_validation.py:14: UserWarning: A NumPy version >=1.23.5 and <2.5.0 is required for this version of SciPy (detected version 2.5.2)
  from scipy.sparse import csr_matrix, issparse
/Library/Frameworks/Python.framework/Versions/3.12/lib/python3.12/site-packages/sklearn/utils/_param_validation.py:14: UserWarning: A NumPy version >=1.23.5 and <2.5.0 is required for this version of SciPy (detected version 2.5.2)
  from scipy.sparse import csr_matrix, issparse
    eval {'hidden_neurons': 37, 'learning_rate': 0.01, 'steps_per_epoch': 100} -> IoU=0.3842 fitness=2.6026 (34s)
[RUNU-ECO] iter 2/4 best=1.6285 mean=2.12356
/Library/Frameworks/Python.framework/Versions/3.12/lib/python3.12/site-packages/sklearn/utils/_param_validation.py:14: UserWarning: A NumPy version >=1.23.5 and <2.5.0 is required for this version of SciPy (detected version 2.5.2)
  from scipy.sparse import csr_matrix, issparse
/Library/Frameworks/Python.framework/Versions/3.12/lib/python3.12/site-packages/sklearn/utils/_param_validation.py:14: UserWarning: A NumPy version >=1.23.5 and <2.5.0 is required for this version of SciPy (detected version 2.5.2)
  from scipy.sparse import csr_matrix, issparse
    eval {'hidden_neurons': 255, 'learning_rate': 0.002344225647904793, 'steps_per_epoch': 500} -> IoU=0.5335 fitness=1.8745 (90s)
/Library/Frameworks/Python.framework/Versions/3.12/lib/python3.12/site-packages/sklearn/utils/_param_validation.py:14: UserWarning: A NumPy version >=1.23.5 and <2.5.0 is required for this version of SciPy (detected version 2.5.2)
  from scipy.sparse import csr_matrix, issparse
/Library/Frameworks/Python.framework/Versions/3.12/lib/python3.12/site-packages/sklearn/utils/_param_validation.py:14: UserWarning: A NumPy version >=1.23.5 and <2.5.0 is required for this version of SciPy (detected version 2.5.2)
  from scipy.sparse import csr_matrix, issparse
    eval {'hidden_neurons': 5, 'learning_rate': 0.01, 'steps_per_epoch': 100} -> IoU=0.4360 fitness=2.2936 (34s)
/Library/Frameworks/Python.framework/Versions/3.12/lib/python3.12/site-packages/sklearn/utils/_param_validation.py:14: UserWarning: A NumPy version >=1.23.5 and <2.5.0 is required for this version of SciPy (detected version 2.5.2)
  from scipy.sparse import csr_matrix, issparse
/Library/Frameworks/Python.framework/Versions/3.12/lib/python3.12/site-packages/sklearn/utils/_param_validation.py:14: UserWarning: A NumPy version >=1.23.5 and <2.5.0 is required for this version of SciPy (detected version 2.5.2)
  from scipy.sparse import csr_matrix, issparse
    eval {'hidden_neurons': 65, 'learning_rate': 0.001587843712343841, 'steps_per_epoch': 236} -> IoU=0.2745 fitness=3.6431 (64s)
/Library/Frameworks/Python.framework/Versions/3.12/lib/python3.12/site-packages/sklearn/utils/_param_validation.py:14: UserWarning: A NumPy version >=1.23.5 and <2.5.0 is required for this version of SciPy (detected version 2.5.2)
  from scipy.sparse import csr_matrix, issparse
/Library/Frameworks/Python.framework/Versions/3.12/lib/python3.12/site-packages/sklearn/utils/_param_validation.py:14: UserWarning: A NumPy version >=1.23.5 and <2.5.0 is required for this version of SciPy (detected version 2.5.2)
  from scipy.sparse import csr_matrix, issparse
    eval {'hidden_neurons': 6, 'learning_rate': 0.01, 'steps_per_epoch': 100} -> IoU=0.4121 fitness=2.4264 (41s)
/Library/Frameworks/Python.framework/Versions/3.12/lib/python3.12/site-packages/sklearn/utils/_param_validation.py:14: UserWarning: A NumPy version >=1.23.5 and <2.5.0 is required for this version of SciPy (detected version 2.5.2)
  from scipy.sparse import csr_matrix, issparse
/Library/Frameworks/Python.framework/Versions/3.12/lib/python3.12/site-packages/sklearn/utils/_param_validation.py:14: UserWarning: A NumPy version >=1.23.5 and <2.5.0 is required for this version of SciPy (detected version 2.5.2)
  from scipy.sparse import csr_matrix, issparse
    eval {'hidden_neurons': 255, 'learning_rate': 0.0023227843103536157, 'steps_per_epoch': 100} -> IoU=0.3971 fitness=2.5184 (38s)
[RUNU-ECO] iter 3/4 best=1.6285 mean=2.07742
[RUNU-ECO] iter 4/4 best=1.6285 mean=2.07742
best {'hidden_neurons': 95, 'learning_rate': 0.009652660953493764, 'steps_per_epoch': 325} IoU=0.6141 -> results/quick/hpo/brats_runu-eco.json
/Library/Frameworks/Python.framework/Versions/3.12/lib/python3.12/site-packages/sklearn/utils/_param_validation.py:14: UserWarning: A NumPy version >=1.23.5 and <2.5.0 is required for this version of SciPy (detected version 2.5.2)
  from scipy.sparse import csr_matrix, issparse
ECO on brats: pop=6 iters=4 epochs=3 budget_scale=0.1 train=60 val=12
/Library/Frameworks/Python.framework/Versions/3.12/lib/python3.12/site-packages/sklearn/utils/_param_validation.py:14: UserWarning: A NumPy version >=1.23.5 and <2.5.0 is required for this version of SciPy (detected version 2.5.2)
  from scipy.sparse import csr_matrix, issparse
/Library/Frameworks/Python.framework/Versions/3.12/lib/python3.12/site-packages/sklearn/utils/_param_validation.py:14: UserWarning: A NumPy version >=1.23.5 and <2.5.0 is required for this version of SciPy (detected version 2.5.2)
  from scipy.sparse import csr_matrix, issparse
    eval {'hidden_neurons': 236, 'learning_rate': 0.0037671658692899498, 'steps_per_epoch': 163} -> IoU=0.3818 fitness=2.6190 (53s)
/Library/Frameworks/Python.framework/Versions/3.12/lib/python3.12/site-packages/sklearn/utils/_param_validation.py:14: UserWarning: A NumPy version >=1.23.5 and <2.5.0 is required for this version of SciPy (detected version 2.5.2)
  from scipy.sparse import csr_matrix, issparse
/Library/Frameworks/Python.framework/Versions/3.12/lib/python3.12/site-packages/sklearn/utils/_param_validation.py:14: UserWarning: A NumPy version >=1.23.5 and <2.5.0 is required for this version of SciPy (detected version 2.5.2)
  from scipy.sparse import csr_matrix, issparse
    eval {'hidden_neurons': 21, 'learning_rate': 0.0016401896152067506, 'steps_per_epoch': 227} -> IoU=0.3794 fitness=2.6358 (63s)
/Library/Frameworks/Python.framework/Versions/3.12/lib/python3.12/site-packages/sklearn/utils/_param_validation.py:14: UserWarning: A NumPy version >=1.23.5 and <2.5.0 is required for this version of SciPy (detected version 2.5.2)
  from scipy.sparse import csr_matrix, issparse
/Library/Frameworks/Python.framework/Versions/3.12/lib/python3.12/site-packages/sklearn/utils/_param_validation.py:14: UserWarning: A NumPy version >=1.23.5 and <2.5.0 is required for this version of SciPy (detected version 2.5.2)
  from scipy.sparse import csr_matrix, issparse
    eval {'hidden_neurons': 244, 'learning_rate': 0.003790099643919269, 'steps_per_epoch': 497} -> IoU=0.5668 fitness=1.7641 (118s)
/Library/Frameworks/Python.framework/Versions/3.12/lib/python3.12/site-packages/sklearn/utils/_param_validation.py:14: UserWarning: A NumPy version >=1.23.5 and <2.5.0 is required for this version of SciPy (detected version 2.5.2)
  from scipy.sparse import csr_matrix, issparse
/Library/Frameworks/Python.framework/Versions/3.12/lib/python3.12/site-packages/sklearn/utils/_param_validation.py:14: UserWarning: A NumPy version >=1.23.5 and <2.5.0 is required for this version of SciPy (detected version 2.5.2)
  from scipy.sparse import csr_matrix, issparse
    eval {'hidden_neurons': 66, 'learning_rate': 0.001591813775643241, 'steps_per_epoch': 104} -> IoU=0.0830 fitness=12.0434 (38s)
/Library/Frameworks/Python.framework/Versions/3.12/lib/python3.12/site-packages/sklearn/utils/_param_validation.py:14: UserWarning: A NumPy version >=1.23.5 and <2.5.0 is required for this version of SciPy (detected version 2.5.2)
  from scipy.sparse import csr_matrix, issparse
/Library/Frameworks/Python.framework/Versions/3.12/lib/python3.12/site-packages/sklearn/utils/_param_validation.py:14: UserWarning: A NumPy version >=1.23.5 and <2.5.0 is required for this version of SciPy (detected version 2.5.2)
  from scipy.sparse import csr_matrix, issparse
    eval {'hidden_neurons': 127, 'learning_rate': 0.00018182796387690772, 'steps_per_epoch': 416} -> IoU=0.2180 fitness=4.5863 (92s)
/Library/Frameworks/Python.framework/Versions/3.12/lib/python3.12/site-packages/sklearn/utils/_param_validation.py:14: UserWarning: A NumPy version >=1.23.5 and <2.5.0 is required for this version of SciPy (detected version 2.5.2)
  from scipy.sparse import csr_matrix, issparse
/Library/Frameworks/Python.framework/Versions/3.12/lib/python3.12/site-packages/sklearn/utils/_param_validation.py:14: UserWarning: A NumPy version >=1.23.5 and <2.5.0 is required for this version of SciPy (detected version 2.5.2)
  from scipy.sparse import csr_matrix, issparse
    eval {'hidden_neurons': 150, 'learning_rate': 0.0008806605920328542, 'steps_per_epoch': 497} -> IoU=0.3597 fitness=2.7800 (118s)
/Library/Frameworks/Python.framework/Versions/3.12/lib/python3.12/site-packages/sklearn/utils/_param_validation.py:14: UserWarning: A NumPy version >=1.23.5 and <2.5.0 is required for this version of SciPy (detected version 2.5.2)
  from scipy.sparse import csr_matrix, issparse
/Library/Frameworks/Python.framework/Versions/3.12/lib/python3.12/site-packages/sklearn/utils/_param_validation.py:14: UserWarning: A NumPy version >=1.23.5 and <2.5.0 is required for this version of SciPy (detected version 2.5.2)
  from scipy.sparse import csr_matrix, issparse
    eval {'hidden_neurons': 244, 'learning_rate': 0.0001, 'steps_per_epoch': 493} -> IoU=0.0325 fitness=30.7966 (115s)
/Library/Frameworks/Python.framework/Versions/3.12/lib/python3.12/site-packages/sklearn/utils/_param_validation.py:14: UserWarning: A NumPy version >=1.23.5 and <2.5.0 is required for this version of SciPy (detected version 2.5.2)
  from scipy.sparse import csr_matrix, issparse
/Library/Frameworks/Python.framework/Versions/3.12/lib/python3.12/site-packages/sklearn/utils/_param_validation.py:14: UserWarning: A NumPy version >=1.23.5 and <2.5.0 is required for this version of SciPy (detected version 2.5.2)
  from scipy.sparse import csr_matrix, issparse
    eval {'hidden_neurons': 236, 'learning_rate': 0.0037659866883396273, 'steps_per_epoch': 146} -> IoU=0.3627 fitness=2.7568 (59s)
/Library/Frameworks/Python.framework/Versions/3.12/lib/python3.12/site-packages/sklearn/utils/_param_validation.py:14: UserWarning: A NumPy version >=1.23.5 and <2.5.0 is required for this version of SciPy (detected version 2.5.2)
  from scipy.sparse import csr_matrix, issparse
/Library/Frameworks/Python.framework/Versions/3.12/lib/python3.12/site-packages/sklearn/utils/_param_validation.py:14: UserWarning: A NumPy version >=1.23.5 and <2.5.0 is required for this version of SciPy (detected version 2.5.2)
  from scipy.sparse import csr_matrix, issparse
    eval {'hidden_neurons': 16, 'learning_rate': 0.0016053746893875571, 'steps_per_epoch': 221} -> IoU=0.1264 fitness=7.9121 (65s)
/Library/Frameworks/Python.framework/Versions/3.12/lib/python3.12/site-packages/sklearn/utils/_param_validation.py:14: UserWarning: A NumPy version >=1.23.5 and <2.5.0 is required for this version of SciPy (detected version 2.5.2)
  from scipy.sparse import csr_matrix, issparse
/Library/Frameworks/Python.framework/Versions/3.12/lib/python3.12/site-packages/sklearn/utils/_param_validation.py:14: UserWarning: A NumPy version >=1.23.5 and <2.5.0 is required for this version of SciPy (detected version 2.5.2)
  from scipy.sparse import csr_matrix, issparse
    eval {'hidden_neurons': 151, 'learning_rate': 0.000896641964231496, 'steps_per_epoch': 497} -> IoU=0.2453 fitness=4.0773 (140s)
/Library/Frameworks/Python.framework/Versions/3.12/lib/python3.12/site-packages/sklearn/utils/_param_validation.py:14: UserWarning: A NumPy version >=1.23.5 and <2.5.0 is required for this version of SciPy (detected version 2.5.2)
  from scipy.sparse import csr_matrix, issparse
/Library/Frameworks/Python.framework/Versions/3.12/lib/python3.12/site-packages/sklearn/utils/_param_validation.py:14: UserWarning: A NumPy version >=1.23.5 and <2.5.0 is required for this version of SciPy (detected version 2.5.2)
  from scipy.sparse import csr_matrix, issparse
    eval {'hidden_neurons': 121, 'learning_rate': 0.00015315739489057015, 'steps_per_epoch': 411} -> IoU=0.3626 fitness=2.7575 (208s)
/Library/Frameworks/Python.framework/Versions/3.12/lib/python3.12/site-packages/sklearn/utils/_param_validation.py:14: UserWarning: A NumPy version >=1.23.5 and <2.5.0 is required for this version of SciPy (detected version 2.5.2)
  from scipy.sparse import csr_matrix, issparse
/Library/Frameworks/Python.framework/Versions/3.12/lib/python3.12/site-packages/sklearn/utils/_param_validation.py:14: UserWarning: A NumPy version >=1.23.5 and <2.5.0 is required for this version of SciPy (detected version 2.5.2)
  from scipy.sparse import csr_matrix, issparse
    eval {'hidden_neurons': 64, 'learning_rate': 0.001575730721525011, 'steps_per_epoch': 100} -> IoU=0.2781 fitness=3.5960 (127s)
[ECO] iter 1/4 best=1.76414 mean=2.69206
/Library/Frameworks/Python.framework/Versions/3.12/lib/python3.12/site-packages/sklearn/utils/_param_validation.py:14: UserWarning: A NumPy version >=1.23.5 and <2.5.0 is required for this version of SciPy (detected version 2.5.2)
  from scipy.sparse import csr_matrix, issparse
/Library/Frameworks/Python.framework/Versions/3.12/lib/python3.12/site-packages/sklearn/utils/_param_validation.py:14: UserWarning: A NumPy version >=1.23.5 and <2.5.0 is required for this version of SciPy (detected version 2.5.2)
  from scipy.sparse import csr_matrix, issparse
    eval {'hidden_neurons': 255, 'learning_rate': 0.0030259972697328865, 'steps_per_epoch': 488} -> IoU=0.5610 fitness=1.7824 (358s)
/Library/Frameworks/Python.framework/Versions/3.12/lib/python3.12/site-packages/sklearn/utils/_param_validation.py:14: UserWarning: A NumPy version >=1.23.5 and <2.5.0 is required for this version of SciPy (detected version 2.5.2)
  from scipy.sparse import csr_matrix, issparse
/Library/Frameworks/Python.framework/Versions/3.12/lib/python3.12/site-packages/sklearn/utils/_param_validation.py:14: UserWarning: A NumPy version >=1.23.5 and <2.5.0 is required for this version of SciPy (detected version 2.5.2)
  from scipy.sparse import csr_matrix, issparse
